2026-08-16T21:48:00Z INF Thank you for trying Cloudflare Tunnel. Doing so, without a Cloudflare account, is a quick way to experiment and try it out. However, be aware that these account-less Tunnels have no uptime guarantee, are subject to the Cloudflare Online Services Terms of Use (https://www.cloudflare.com/website-terms/), and Cloudflare reserves the right to investigate your use of Tunnels for violations of such terms. If you intend to use Tunnels in production you should use a pre-created named tunnel by following: https://developers.cloudflare.com/cloudflare-one/connections/connect-apps
2026-08-16T21:48:00Z INF Requesting new quick Tunnel on trycloudflare.com...
2026-08-16T21:48:09Z INF +--------------------------------------------------------------------------------------------+
2026-08-16T21:48:09Z INF |  Your quick Tunnel has been created! Visit it at (it may take some time to be reachable):  |
2026-08-16T21:48:09Z INF |  https://characterized-profit-brought-limiting.trycloudflare.com                           |
2026-08-16T21:48:09Z INF +--------------------------------------------------------------------------------------------+
2026-08-16T21:48:09Z INF Cannot determine default configuration path. No file [config.yml config.yaml] in [~/.cloudflared ~/.cloudflare-warp ~/cloudflare-warp /etc/cloudflared /usr/local/etc/cloudflared]
2026-08-16T21:48:09Z INF Version 2026.8.2 (Checksum fcfb02b575a52ca1af2e3267af4e1517bcdeb30ac48c834c69abaed3c0576ad2)
2026-08-16T21:48:09Z INF GOOS: linux, GOVersion: go1.26.4, GoArch: amd64
2026-08-16T21:48:09Z INF Settings: map[ha-connections:1 no-autoupdate:true protocol:quic url:http://127.0.0.1:8501]
2026-08-16T21:48:09Z INF Generated Connector ID: a6221344-965f-4084-a97f-261140b618a6
2026-08-16T21:48:09Z INF Initial protocol quic
2026-08-16T21:48:09Z INF ICMP proxy will use 172.28.0.12 as source for IPv4
2026-08-16T21:48:09Z INF ICMP proxy will use ::1 in zone lo as source for IPv6
2026/08/16 21:48:09 failed to sufficiently increase receive buffer size (was: 208 kiB, wanted: 7168 kiB, got: 416 kiB). See https://github.com/quic-go/quic-go/wiki/UDP-Buffer-Sizes for details.
2026-08-16T21:48:09Z INF ICMP proxy will use 172.28.0.12 as source for IPv4
2026-08-16T21:48:09Z INF ICMP proxy will use ::1 in zone lo as source for IPv6
2026-08-16T21:48:09Z INF Starting metrics server on 127.0.0.1:20241/metrics
2026-08-16T21:48:09Z INF Tunnel connection curve preferences: [X25519MLKEM768 CurveID(65074) CurveP256] connIndex=0 event=0 ip=198.41.200.63
2026-08-16T21:48:09Z INF Registered tunnel connection connIndex=0 connection=161e5331-3c65-4b31-b88f-7d83eb9c26e4 event=0 ip=198.41.200.63 location=ams17 protocol=quic
2026-08-16T21:48:15Z INF +-------------------------------------------------------------------------------------+
2026-08-16T21:48:15Z INF |                               CONNECTIVITY PRE-CHECKS                               |
2026-08-16T21:48:15Z INF +-------------------------------------------------------------------------------------+
2026-08-16T21:48:15Z INF |  COMPONENT         TARGET                     STATUS  DETAILS                       |
2026-08-16T21:48:15Z INF |  DNS Resolution    region1.v2.argotunnel.com  PASS    DNS Resolved successfully     |
2026-08-16T21:48:15Z INF |  DNS Resolution    region2.v2.argotunnel.com  PASS    DNS Resolved successfully     |
2026-08-16T21:48:15Z INF |  UDP Connectivity  region1.v2.argotunnel.com  PASS    QUIC connection successful    |
2026-08-16T21:48:15Z INF |  UDP Connectivity  region2.v2.argotunnel.com  PASS    QUIC connection successful    |
2026-08-16T21:48:15Z INF |  TCP Connectivity  region1.v2.argotunnel.com  PASS    HTTP/2 connection successful  |
2026-08-16T21:48:15Z INF |  TCP Connectivity  region2.v2.argotunnel.com  PASS    HTTP/2 connection successful  |
2026-08-16T21:48:15Z INF |  Cloudflare API    api.cloudflare.com:443     PASS    API is reachable              |
2026-08-16T21:48:15Z INF |                                                                                     |
2026-08-16T21:48:15Z INF |  SUMMARY: Environment is healthy. cloudflared will use 'quic' as primary protocol.  |
2026-08-16T21:48:15Z INF +-------------------------------------------------------------------------------------+
2026-08-16T21:48:15Z INF precheck component="DNS Resolution" details="DNS Resolved successfully" run_id=a42f6472-bf01-4fa0-9fb7-c2d4bccc9872 status=pass target=region1.v2.argotunnel.com
2026-08-16T21:48:15Z INF precheck component="DNS Resolution" details="DNS Resolved successfully" run_id=a42f6472-bf01-4fa0-9fb7-c2d4bccc9872 status=pass target=region2.v2.argotunnel.com
2026-08-16T21:48:15Z INF precheck component="UDP Connectivity" details="QUIC connection successful" run_id=a42f6472-bf01-4fa0-9fb7-c2d4bccc9872 status=pass target=region1.v2.argotunnel.com
2026-08-16T21:48:15Z INF precheck component="UDP Connectivity" details="QUIC connection successful" run_id=a42f6472-bf01-4fa0-9fb7-c2d4bccc9872 status=pass target=region2.v2.argotunnel.com
2026-08-16T21:48:15Z INF precheck component="TCP Connectivity" details="HTTP/2 connection successful" run_id=a42f6472-bf01-4fa0-9fb7-c2d4bccc9872 status=pass target=region1.v2.argotunnel.com
2026-08-16T21:48:15Z INF precheck component="TCP Connectivity" details="HTTP/2 connection successful" run_id=a42f6472-bf01-4fa0-9fb7-c2d4bccc9872 status=pass target=region2.v2.argotunnel.com
2026-08-16T21:48:15Z INF precheck component="Cloudflare API" details="API is reachable" run_id=a42f6472-bf01-4fa0-9fb7-c2d4bccc9872 status=pass target=api.cloudflare.com:443
2026-08-16T21:48:15Z INF precheck complete hard_fail=false run_id=a42f6472-bf01-4fa0-9fb7-c2d4bccc9872 suggested_protocol=quic
2026-08-16T21:54:57Z INF Initiating graceful shutdown due to signal interrupt ...
2026-08-16T21:54:57Z ERR failed to run the datagram handler error="context canceled" connIndex=0 event=0 ip=198.41.200.63
2026-08-16T21:54:57Z ERR failed to serve tunnel connection error="accept stream listener encountered a failure while serving" connIndex=0 event=0 ip=198.41.200.63
2026-08-16T21:54:57Z ERR Serve tunnel error error="accept stream listener encountered a failure while serving" connIndex=0 event=0 ip=198.41.200.63
2026-08-16T21:54:57Z INF Retrying connection in up to 1s connIndex=0 event=0 ip=198.41.200.63
2026-08-16T21:54:57Z ERR Connection terminated connIndex=0
2026-08-16T21:54:57Z ERR no more connections active and exiting
2026-08-16T21:54:57Z INF Metrics server stopped
2026-08-16T21:54:57Z INF Tunnel server stopped
